.loop-engineering/iterations/001/diff.patch:7: trailing whitespace.
+ 
.loop-engineering/iterations/001/eval.log:37: trailing whitespace.
++ 
.loop-engineering/iterations/001/gate-diff_check.log:2: trailing whitespace.
++ 
.loop-engineering/iterations/002/diff.patch:7: trailing whitespace.
+ 
.loop-engineering/iterations/002/diff.patch:24: trailing whitespace.
++ 
.loop-engineering/iterations/002/diff.patch:35: trailing whitespace.
+ 
.loop-engineering/iterations/002/diff.patch:44: trailing whitespace.
+ 
.loop-engineering/iterations/002/diff.patch:54: trailing whitespace.
+ 
.loop-engineering/iterations/002/diff.patch:75: trailing whitespace.
+ 
.loop-engineering/iterations/002/diff.patch:77: trailing whitespace.
+ 
.loop-engineering/iterations/002/diff.patch:79: trailing whitespace.
+ 
.loop-engineering/iterations/002/diff.patch:84: trailing whitespace.
+++ 
.loop-engineering/iterations/002/diff.patch:91: trailing whitespace.
+++ 
.loop-engineering/iterations/002/diff.patch:112: trailing whitespace.
+ 
.loop-engineering/iterations/002/diff.patch:133: trailing whitespace.
+ 
.loop-engineering/iterations/002/diff.patch:141: trailing whitespace.
+ 
.loop-engineering/iterations/002/eval.log:37: trailing whitespace.
++ 
.loop-engineering/iterations/002/eval.log:39: trailing whitespace.
+++ 
.loop-engineering/iterations/002/eval.log:41: trailing whitespace.
+++ 
.loop-engineering/iterations/002/eval.log:43: trailing whitespace.
++ 
.loop-engineering/iterations/002/eval.log:45: trailing whitespace.
+++ 
.loop-engineering/iterations/002/eval.log:47: trailing whitespace.
++ 
.loop-engineering/iterations/002/eval.log:49: trailing whitespace.
++ 
.loop-engineering/iterations/002/eval.log:51: trailing whitespace.
++ 
.loop-engineering/iterations/002/eval.log:53: trailing whitespace.
++ 
.loop-engineering/iterations/002/eval.log:55: trailing whitespace.
++ 
.loop-engineering/iterations/002/eval.log:57: trailing whitespace.
++ 
.loop-engineering/iterations/002/eval.log:59: trailing whitespace.
++++ 
.loop-engineering/iterations/002/eval.log:61: trailing whitespace.
++++ 
.loop-engineering/iterations/002/eval.log:63: trailing whitespace.
++ 
.loop-engineering/iterations/002/eval.log:65: trailing whitespace.
++ 
.loop-engineering/iterations/002/eval.log:67: trailing whitespace.
++ 
.loop-engineering/iterations/002/gate-diff_check.log:2: trailing whitespace.
++ 
.loop-engineering/iterations/002/gate-diff_check.log:4: trailing whitespace.
+++ 
.loop-engineering/iterations/002/gate-diff_check.log:6: trailing whitespace.
+++ 
.loop-engineering/iterations/002/gate-diff_check.log:8: trailing whitespace.
++ 
.loop-engineering/iterations/002/gate-diff_check.log:10: trailing whitespace.
+++ 
.loop-engineering/iterations/002/gate-diff_check.log:12: trailing whitespace.
++ 
.loop-engineering/iterations/002/gate-diff_check.log:14: trailing whitespace.
++ 
.loop-engineering/iterations/002/gate-diff_check.log:16: trailing whitespace.
++ 
.loop-engineering/iterations/002/gate-diff_check.log:18: trailing whitespace.
++ 
.loop-engineering/iterations/002/gate-diff_check.log:20: trailing whitespace.
++ 
.loop-engineering/iterations/002/gate-diff_check.log:22: trailing whitespace.
++ 
.loop-engineering/iterations/002/gate-diff_check.log:24: trailing whitespace.
++++ 
.loop-engineering/iterations/002/gate-diff_check.log:26: trailing whitespace.
++++ 
.loop-engineering/iterations/002/gate-diff_check.log:28: trailing whitespace.
++ 
.loop-engineering/iterations/002/gate-diff_check.log:30: trailing whitespace.
++ 
.loop-engineering/iterations/002/gate-diff_check.log:32: trailing whitespace.
++ 
.loop-engineering/iterations/003/diff.patch:7: trailing whitespace.
+ 
.loop-engineering/iterations/003/diff.patch:24: trailing whitespace.
++ 
.loop-engineering/iterations/003/diff.patch:35: trailing whitespace.
+ 
.loop-engineering/iterations/003/diff.patch:44: trailing whitespace.
+ 
.loop-engineering/iterations/003/diff.patch:54: trailing whitespace.
+ 
.loop-engineering/iterations/003/diff.patch:75: trailing whitespace.
+ 
.loop-engineering/iterations/003/diff.patch:77: trailing whitespace.
+ 
.loop-engineering/iterations/003/diff.patch:79: trailing whitespace.
+ 
.loop-engineering/iterations/003/diff.patch:84: trailing whitespace.
+++ 
.loop-engineering/iterations/003/diff.patch:91: trailing whitespace.
+++ 
.loop-engineering/iterations/003/diff.patch:112: trailing whitespace.
+ 
.loop-engineering/iterations/003/diff.patch:133: trailing whitespace.
+ 
.loop-engineering/iterations/003/diff.patch:141: trailing whitespace.
+ 
.loop-engineering/iterations/003/diff.patch:160: trailing whitespace.
++ 
.loop-engineering/iterations/003/diff.patch:177: trailing whitespace.
+++ 
.loop-engineering/iterations/003/diff.patch:188: trailing whitespace.
++ 
.loop-engineering/iterations/003/diff.patch:197: trailing whitespace.
++ 
.loop-engineering/iterations/003/diff.patch:207: trailing whitespace.
++ 
.loop-engineering/iterations/003/diff.patch:228: trailing whitespace.
++ 
.loop-engineering/iterations/003/diff.patch:230: trailing whitespace.
++ 
.loop-engineering/iterations/003/diff.patch:232: trailing whitespace.
++ 
.loop-engineering/iterations/003/diff.patch:237: trailing whitespace.
++++ 
.loop-engineering/iterations/003/diff.patch:244: trailing whitespace.
++++ 
.loop-engineering/iterations/003/diff.patch:265: trailing whitespace.
++ 
.loop-engineering/iterations/003/diff.patch:286: trailing whitespace.
++ 
.loop-engineering/iterations/003/diff.patch:294: trailing whitespace.
++ 
.loop-engineering/iterations/003/diff.patch:331: trailing whitespace.
+ 
.loop-engineering/iterations/003/diff.patch:340: trailing whitespace.
+ 
.loop-engineering/iterations/003/diff.patch:350: trailing whitespace.
+ 
.loop-engineering/iterations/003/diff.patch:371: trailing whitespace.
+ 
.loop-engineering/iterations/003/diff.patch:373: trailing whitespace.
+ 
.loop-engineering/iterations/003/diff.patch:375: trailing whitespace.
+ 
.loop-engineering/iterations/003/diff.patch:380: trailing whitespace.
+++ 
.loop-engineering/iterations/003/diff.patch:382: trailing whitespace.
++++ 
.loop-engineering/iterations/003/diff.patch:384: trailing whitespace.
++++ 
.loop-engineering/iterations/003/diff.patch:386: trailing whitespace.
+++ 
.loop-engineering/iterations/003/diff.patch:388: trailing whitespace.
++++ 
.loop-engineering/iterations/003/diff.patch:390: trailing whitespace.
+++ 
.loop-engineering/iterations/003/diff.patch:392: trailing whitespace.
+++ 
.loop-engineering/iterations/003/diff.patch:394: trailing whitespace.
+++ 
.loop-engineering/iterations/003/diff.patch:396: trailing whitespace.
+++ 
.loop-engineering/iterations/003/diff.patch:398: trailing whitespace.
+++ 
.loop-engineering/iterations/003/diff.patch:400: trailing whitespace.
+++ 
.loop-engineering/iterations/003/diff.patch:402: trailing whitespace.
+++++ 
.loop-engineering/iterations/003/diff.patch:404: trailing whitespace.
+++++ 
.loop-engineering/iterations/003/diff.patch:406: trailing whitespace.
+++ 
.loop-engineering/iterations/003/diff.patch:408: trailing whitespace.
+++ 
.loop-engineering/iterations/003/diff.patch:410: trailing whitespace.
+++ 
.loop-engineering/iterations/003/diff.patch:417: trailing whitespace.
+++ 
.loop-engineering/iterations/003/diff.patch:419: trailing whitespace.
++++ 
.loop-engineering/iterations/003/diff.patch:421: trailing whitespace.
++++ 
.loop-engineering/iterations/003/diff.patch:423: trailing whitespace.
+++ 
.loop-engineering/iterations/003/diff.patch:425: trailing whitespace.
++++ 
.loop-engineering/iterations/003/diff.patch:427: trailing whitespace.
+++ 
.loop-engineering/iterations/003/diff.patch:429: trailing whitespace.
+++ 
.loop-engineering/iterations/003/diff.patch:431: trailing whitespace.
+++ 
.loop-engineering/iterations/003/diff.patch:433: trailing whitespace.
+++ 
.loop-engineering/iterations/003/diff.patch:435: trailing whitespace.
+++ 
.loop-engineering/iterations/003/diff.patch:437: trailing whitespace.
+++ 
.loop-engineering/iterations/003/diff.patch:439: trailing whitespace.
+++++ 
.loop-engineering/iterations/003/diff.patch:441: trailing whitespace.
+++++ 
.loop-engineering/iterations/003/diff.patch:443: trailing whitespace.
+++ 
.loop-engineering/iterations/003/diff.patch:445: trailing whitespace.
+++ 
.loop-engineering/iterations/003/diff.patch:447: trailing whitespace.
+++ 
.loop-engineering/iterations/003/diff.patch:468: trailing whitespace.
+ 
.loop-engineering/iterations/003/diff.patch:489: trailing whitespace.
+ 
.loop-engineering/iterations/003/diff.patch:497: trailing whitespace.
+ 
