.loop-engineering/iterations/001/diff.patch:24: trailing whitespace.
+- 
.loop-engineering/iterations/001/eval.log:45: trailing whitespace.
++- 
.loop-engineering/iterations/001/gate-diff_check.log:2: trailing whitespace.
++- 
.loop-engineering/iterations/002/diff.patch:25: trailing whitespace.
+  
.loop-engineering/iterations/002/diff.patch:44: trailing whitespace.
++- 
.loop-engineering/iterations/002/diff.patch:103: trailing whitespace.
+-+ 
.loop-engineering/iterations/002/diff.patch:106: trailing whitespace.
+++- 
.loop-engineering/iterations/002/diff.patch:113: trailing whitespace.
+-+ 
.loop-engineering/iterations/002/diff.patch:115: trailing whitespace.
+++- 
.loop-engineering/iterations/002/diff.patch:180: trailing whitespace.
+- 
.loop-engineering/iterations/002/diff.patch:197: trailing whitespace.
+-+ 
.loop-engineering/iterations/002/diff.patch:208: trailing whitespace.
+- 
.loop-engineering/iterations/002/diff.patch:217: trailing whitespace.
+- 
.loop-engineering/iterations/002/diff.patch:227: trailing whitespace.
+- 
.loop-engineering/iterations/002/diff.patch:248: trailing whitespace.
+- 
.loop-engineering/iterations/002/diff.patch:250: trailing whitespace.
+- 
.loop-engineering/iterations/002/diff.patch:252: trailing whitespace.
+- 
.loop-engineering/iterations/002/diff.patch:257: trailing whitespace.
+-++ 
.loop-engineering/iterations/002/diff.patch:264: trailing whitespace.
+-++ 
.loop-engineering/iterations/002/diff.patch:285: trailing whitespace.
+- 
.loop-engineering/iterations/002/diff.patch:306: trailing whitespace.
+- 
.loop-engineering/iterations/002/diff.patch:314: trailing whitespace.
+- 
